Archive member included to satisfy reference by file (symbol)

.\CortexM3\ARM_GCC_541\Debug\test.a(UART_1.o)
                              .\CortexM3\ARM_GCC_541\Debug\main.o (UART_1_Start)
.\CortexM3\ARM_GCC_541\Debug\test.a(I2C_1.o)
                              .\CortexM3\ARM_GCC_541\Debug\main.o (I2C_1_Start)
.\CortexM3\ARM_GCC_541\Debug\test.a(I2C_1_INT.o)
                              .\CortexM3\ARM_GCC_541\Debug\test.a(I2C_1.o) (I2C_1_ISR)
.\CortexM3\ARM_GCC_541\Debug\test.a(I2C_1_PM.o)
                              .\CortexM3\ARM_GCC_541\Debug\test.a(I2C_1.o) (I2C_1_backup)
.\CortexM3\ARM_GCC_541\Debug\test.a(I2C_1_MASTER.o)
                              .\CortexM3\ARM_GCC_541\Debug\test.a(I2C_1.o) (I2C_1_mstrStatus)
.\CortexM3\ARM_GCC_541\Debug\test.a(Encoder_1.o)
                              .\CortexM3\ARM_GCC_541\Debug\main.o (Encoder_1_WriteCounter)
.\CortexM3\ARM_GCC_541\Debug\test.a(Encoder_2.o)
                              .\CortexM3\ARM_GCC_541\Debug\main.o (Encoder_2_WriteCounter)
.\CortexM3\ARM_GCC_541\Debug\test.a(Encoder_3.o)
                              .\CortexM3\ARM_GCC_541\Debug\main.o (Encoder_3_WriteCounter)
.\CortexM3\ARM_GCC_541\Debug\test.a(Encoder_4.o)
                              .\CortexM3\ARM_GCC_541\Debug\main.o (Encoder_4_WriteCounter)
.\CortexM3\ARM_GCC_541\Debug\test.a(Encoder_5.o)
                              .\CortexM3\ARM_GCC_541\Debug\main.o (Encoder_5_WriteCounter)
.\CortexM3\ARM_GCC_541\Debug\test.a(Encoder_6.o)
                              .\CortexM3\ARM_GCC_541\Debug\main.o (Encoder_6_WriteCounter)
.\CortexM3\ARM_GCC_541\Debug\test.a(Encoder_7.o)
                              .\CortexM3\ARM_GCC_541\Debug\main.o (Encoder_7_WriteCounter)
.\CortexM3\ARM_GCC_541\Debug\test.a(UART_1_IntClock.o)
                              .\CortexM3\ARM_GCC_541\Debug\test.a(UART_1.o) (UART_1_IntClock_Start)
.\CortexM3\ARM_GCC_541\Debug\test.a(CyLib.o)
                              .\CortexM3\ARM_GCC_541\Debug\Cm3Start.o (CyHalt)
.\CortexM3\ARM_GCC_541\Debug\test.a(cyPm.o)
                              .\CortexM3\ARM_GCC_541\Debug\test.a(CyLib.o) (CyPmReadStatus)
.\CortexM3\ARM_GCC_541\Debug\test.a(cyutils.o)
                              .\CortexM3\ARM_GCC_541\Debug\test.a(Encoder_1.o) (CySetReg24)
.\CortexM3\ARM_GCC_541\Debug\test.a(CyBootAsmGnu.o)
                              .\CortexM3\ARM_GCC_541\Debug\cyfitter_cfg.o (CyDelayCycles)
.\CortexM3\ARM_GCC_541\Debug\test.a(CyFlash.o)
                              .\CortexM3\ARM_GCC_541\Debug\test.a(cyPm.o) (CyFlash_SetWaitCycles)
.\CortexM3\ARM_GCC_541\Debug\test.a(CySpc.o)
                              .\CortexM3\ARM_GCC_541\Debug\test.a(CyFlash.o) (CySpcStart)
c:/program files (x86)/cypress/psoc creator/4.4/psoc creator/import/gnu/arm/5.4.1/bin/../lib/gcc/arm-none-eabi/5.4.1/armv7-m\libgcc.a(_arm_addsubsf3.o)
                              .\CortexM3\ARM_GCC_541\Debug\main.o (__aeabi_fsub)
c:/program files (x86)/cypress/psoc creator/4.4/psoc creator/import/gnu/arm/5.4.1/bin/../lib/gcc/arm-none-eabi/5.4.1/armv7-m\libgcc.a(_arm_muldivsf3.o)
                              .\CortexM3\ARM_GCC_541\Debug\main.o (__aeabi_fmul)
c:/program files (x86)/cypress/psoc creator/4.4/psoc creator/import/gnu/arm/5.4.1/bin/../lib/gcc/arm-none-eabi/5.4.1/armv7-m\libgcc.a(_arm_cmpsf2.o)
                              .\CortexM3\ARM_GCC_541\Debug\main.o (__aeabi_fcmplt)
c:/program files (x86)/cypress/psoc creator/4.4/psoc creator/import/gnu/arm/5.4.1/bin/../lib/gcc/arm-none-eabi/5.4.1/armv7-m\libgcc.a(_arm_fixunssfsi.o)
                              .\CortexM3\ARM_GCC_541\Debug\main.o (__aeabi_f2uiz)
c:/program files (x86)/cypress/psoc creator/4.4/psoc creator/import/gnu/arm/5.4.1/bin/../lib/gcc/arm-none-eabi/5.4.1/../../../../arm-none-eabi/lib/armv7-m\libg_nano.a(lib_a-errno.o)
                              .\CortexM3\ARM_GCC_541\Debug\Cm3Start.o (__errno)
c:/program files (x86)/cypress/psoc creator/4.4/psoc creator/import/gnu/arm/5.4.1/bin/../lib/gcc/arm-none-eabi/5.4.1/../../../../arm-none-eabi/lib/armv7-m\libg_nano.a(lib_a-exit.o)
                              c:/program files (x86)/cypress/psoc creator/4.4/psoc creator/import/gnu/arm/5.4.1/bin/../lib/gcc/arm-none-eabi/5.4.1/../../../../arm-none-eabi/lib/armv7-m/crt0.o (exit)
c:/program files (x86)/cypress/psoc creator/4.4/psoc creator/import/gnu/arm/5.4.1/bin/../lib/gcc/arm-none-eabi/5.4.1/../../../../arm-none-eabi/lib/armv7-m\libg_nano.a(lib_a-impure.o)
                              c:/program files (x86)/cypress/psoc creator/4.4/psoc creator/import/gnu/arm/5.4.1/bin/../lib/gcc/arm-none-eabi/5.4.1/../../../../arm-none-eabi/lib/armv7-m\libg_nano.a(lib_a-exit.o) (_global_impure_ptr)
c:/program files (x86)/cypress/psoc creator/4.4/psoc creator/import/gnu/arm/5.4.1/bin/../lib/gcc/arm-none-eabi/5.4.1/../../../../arm-none-eabi/lib/armv7-m\libg_nano.a(lib_a-init.o)
[...]
Memory Configuration

Name             Origin             Length             Attributes
rom              0x00000000         0x00040000         xr
ram              0x1fff8000         0x00010000         xrw
*default*        0x00000000         0xffffffff

Linker script and memory map

LOAD c:/program files (x86)/cypress/psoc creator/4.4/psoc creator/import/gnu/arm/5.4.1/bin/../lib/gcc/arm-none-eabi/5.4.1/armv7-m/crti.o
LOAD c:/program files (x86)/cypress/psoc creator/4.4/psoc creator/import/gnu/arm/5.4.1/bin/../lib/gcc/arm-none-eabi/5.4.1/armv7-m/crtbegin.o
LOAD c:/program files (x86)/cypress/psoc creator/4.4/psoc creator/import/gnu/arm/5.4.1/bin/../lib/gcc/arm-none-eabi/5.4.1/../../../../arm-none-eabi/lib/armv7-m/crt0.o
START GROUP
LOAD .\CortexM3\ARM_GCC_541\Debug\main.o
LOAD .\CortexM3\ARM_GCC_541\Debug\cyfitter_cfg.o
LOAD .\CortexM3\ARM_GCC_541\Debug\cymetadata.o
LOAD .\CortexM3\ARM_GCC_541\Debug\Cm3Start.o
LOAD .\CortexM3\ARM_GCC_541\Debug\test.a
LOAD C:\Program Files (x86)\Cypress\PSoC Creator\4.4\PSoC Creator\psoc\content\cycomponentlibrary\CyComponentLibrary.cylib\CortexM3\ARM_GCC_541\Debug\CyComponentLibrary.a
END GROUP
START GROUP
LOAD c:/program files (x86)/cypress/psoc creator/4.4/psoc creator/import/gnu/arm/5.4.1/bin/../lib/gcc/arm-none-eabi/5.4.1/armv7-m\libgcc.a
LOAD c:/program files (x86)/cypress/psoc creator/4.4/psoc creator/import/gnu/arm/5.4.1/bin/../lib/gcc/arm-none-eabi/5.4.1/../../../../arm-none-eabi/lib/armv7-m\libg_nano.a
LOAD c:/program files (x86)/cypress/psoc creator/4.4/psoc creator/import/gnu/arm/5.4.1/bin/../lib/gcc/arm-none-eabi/5.4.1/../../../../arm-none-eabi/lib/armv7-m\libc_nano.a
END GROUP
START GROUP
LOAD c:/program files (x86)/cypress/psoc creator/4.4/psoc creator/import/gnu/arm/5.4.1/bin/../lib/gcc/arm-none-eabi/5.4.1/armv7-m\libgcc.a
LOAD c:/program files (x86)/cypress/psoc creator/4.4/psoc creator/import/gnu/arm/5.4.1/bin/../lib/gcc/arm-none-eabi/5.4.1/../../../../arm-none-eabi/lib/armv7-m\libc_nano.a
END GROUP
LOAD c:/program files (x86)/cypress/psoc creator/4.4/psoc creator/import/gnu/arm/5.4.1/bin/../lib/gcc/arm-none-eabi/5.4.1/armv7-m/crtend.o
LOAD c:/program files (x86)/cypress/psoc creator/4.4/psoc creator/import/gnu/arm/5.4.1/bin/../lib/gcc/arm-none-eabi/5.4.1/armv7-m/crtn.o
START GROUP
LOAD c:/program files (x86)/cypress/psoc creator/4.4/psoc creator/import/gnu/arm/5.4.1/bin/../lib/gcc/arm-none-eabi/5.4.1/armv7-m\libgcc.a
LOAD c:/program files (x86)/cypress/psoc creator/4.4/psoc creator/import/gnu/arm/5.4.1/bin/../lib/gcc/arm-none-eabi/5.4.1/../../../../arm-none-eabi/lib/armv7-m\libc.a
LOAD c:/program files (x86)/cypress/psoc creator/4.4/psoc creator/import/gnu/arm/5.4.1/bin/../lib/gcc/arm-none-eabi/5.4.1/../../../../arm-none-eabi/lib/armv7-m\libnosys.a
END GROUP
                0x00000000                CY_APPL_ORIGIN = 0x0
                0x00000100                CY_FLASH_ROW_SIZE = 0x100
                0x00000020                CY_ECC_ROW_SIZE = 0x20
                0x00000000                CY_EE_IN_BTLDR = 0x0
                0x00000000                CY_APPL_LOADABLE = 0x0
                0x00000800                CY_EE_SIZE = 0x800
                0x00000001                CY_APPL_NUM = 0x1
                0x00000001                CY_APPL_MAX = 0x1
                0x00000040                CY_METADATA_SIZE = 0x40
                0x00000000                CY_APPL_LOADABLE = 0x0
                0x00000000                CY_CHECKSUM_EXCLUDE_SIZE = ALIGN (0x0, CY_FLASH_ROW_SIZE)
                [!provide]                PROVIDE (__cy_heap_start, _end)
                0x00000001                PROVIDE (__cy_region_num, ((__cy_regions_end - __cy_regions) / 0x10))
                0x20008000                PROVIDE (__cy_stack, (ORIGIN (ram) + LENGTH (ram)))
                [!provide]                PROVIDE (__cy_heap_end, (__cy_stack - 0x800))

.cybootloader   0x00000000        0x0
 *(.cybootloader)
                0x00000000                appl1_start = CY_APPL_ORIGIN?CY_APPL_ORIGIN:ALIGN (CY_FLASH_ROW_SIZE)
                0x0001ff00                appl2_start = (appl1_start + ALIGN ((((LENGTH (rom) - appl1_start) - (0x2 * CY_FLASH_ROW_SIZE)) / 0x2), CY_FLASH_ROW_SIZE))
                0x00000000                appl_start = (CY_APPL_NUM == 0x1)?appl1_start:appl2_start
                0x00000000                ecc_offset = ((appl_start / CY_FLASH_ROW_SIZE) * CY_ECC_ROW_SIZE)
                0x00000000                ee_offset = (CY_APPL_LOADABLE && ! (CY_EE_IN_BTLDR))?((CY_EE_SIZE / CY_APPL_MAX) * (CY_APPL_NUM - 0x1)):0x0
                0x00000800                ee_size = (CY_APPL_LOADABLE && ! (CY_EE_IN_BTLDR))?(CY_EE_SIZE / CY_APPL_MAX):CY_EE_SIZE
                [!provide]                PROVIDE (CY_ECC_OFFSET, ecc_offset)

.text           0x00000000     0x1156
 CREATE_OBJECT_SYMBOLS
                0x00000000                PROVIDE (__cy_interrupt_vector, RomVectors)
 *(.romvectors)
 .romvectors    0x00000000       0x10 .\CortexM3\ARM_GCC_541\Debug\Cm3Start.o
                0x00000000                RomVectors
                0x00000001                ASSERT ((. != __cy_interrupt_vector), No interrupt vector)
                0x00000001                ASSERT (CY_APPL_ORIGIN?(SIZEOF (.cybootloader) <= CY_APPL_ORIGIN):0x1, Wrong image location)
                0x00000010                PROVIDE (__cy_reset, Reset)
 *(.text.Reset)
 .text.Reset    0x00000010       0x18 .\CortexM3\ARM_GCC_541\Debug\Cm3Start.o
                0x00000010                Reset
                0x00000001                ASSERT ((. != __cy_reset), No reset code)
 *(.dma_init)
                0x00000001                ASSERT ((((appl_start + .) <= 0x10000) || 0x1), DMA Init must be within the first 64k of flash)
 *(.text .text.* .gnu.linkonce.t.*)
 .text          0x00000028       0x5c c:/program files (x86)/cypress/psoc creator/4.4/psoc creator/import/gnu/arm/5.4.1/bin/../lib/gcc/arm-none-eabi/5.4.1/armv7-m/crtbegin.o
 .text.MyInst_Start
                0x00000084       0x28 .\CortexM3\ARM_GCC_541\Debug\main.o
                0x00000084                MyInst_Start
 .text.sendI2Cbyte
                0x000000ac       0x38 .\CortexM3\ARM_GCC_541\Debug\main.o
                0x000000ac                sendI2Cbyte
 .text.setRelayState
                0x000000e4       0x20 .\CortexM3\ARM_GCC_541\Debug\main.o
                0x000000e4                setRelayState
 .text.main     0x00000104       0x50 .\CortexM3\ARM_GCC_541\Debug\main.o
                0x00000104                main
 .text.CyClockStartupError
                0x00000154        0x4 .\CortexM3\ARM_GCC_541\Debug\cyfitter_cfg.o
 .text.cfg_write_bytes32
                0x00000158       0x34 .\CortexM3\ARM_GCC_541\Debug\cyfitter_cfg.o
 .text.AnalogSetDefault
                0x0000018c       0x28 .\CortexM3\ARM_GCC_541\Debug\cyfitter_cfg.o
 .text.CYMEMZERO
                0x000001b4        0xc .\CortexM3\ARM_GCC_541\Debug\cyfitter_cfg.o
 .text.ClockSetup
                0x000001c0       0xc4 .\CortexM3\ARM_GCC_541\Debug\cyfitter_cfg.o
 .text.CYCONFIGCPY
                0x00000284        0x8 .\CortexM3\ARM_GCC_541\Debug\cyfitter_cfg.o
 .text.cyfitter_cfg
                0x0000028c      0x110 .\CortexM3\ARM_GCC_541\Debug\cyfitter_cfg.o
                0x0000028c                cyfitter_cfg
 .text.IntDefaultHandler
                0x0000039c       0x10 .\CortexM3\ARM_GCC_541\Debug\Cm3Start.o
                0x0000039c                IntDefaultHandler
 .text.Start_c  0x000003ac       0x4c .\CortexM3\ARM_GCC_541\Debug\Cm3Start.o
                0x000003ac                Start_c
 .text.initialize_psoc
                0x000003f8       0x68 .\CortexM3\ARM_GCC_541\Debug\Cm3Start.o
                0x000003f8                initialize_psoc
 .text.UART_1_Init
                0x00000460       0x24 .\CortexM3\ARM_GCC_541\Debug\test.a(UART_1.o)
                0x00000460                UART_1_Init
 .text.UART_1_Enable
                0x00000484       0x38 .\CortexM3\ARM_GCC_541\Debug\test.a(UART_1.o)
                0x00000484                UART_1_Enable
 .text.UART_1_Start
                0x000004bc       0x1c .\CortexM3\ARM_GCC_541\Debug\test.a(UART_1.o)
                0x000004bc                UART_1_Start
 .text.I2C_1_Init
                0x000004d8       0x68 .\CortexM3\ARM_GCC_541\Debug\test.a(I2C_1.o)
                0x000004d8                I2C_1_Init
 .text.I2C_1_Enable
                0x00000540       0x24 .\CortexM3\ARM_GCC_541\Debug\test.a(I2C_1.o)
                0x00000540                I2C_1_Enable
 .text.I2C_1_Start
                0x00000564       0x28 .\CortexM3\ARM_GCC_541\Debug\test.a(I2C_1.o)
                0x00000564                I2C_1_Start
 .text.I2C_1_ISR
                0x0000058c      0x2d0 .\CortexM3\ARM_GCC_541\Debug\test.a(I2C_1_INT.o)
                0x0000058c                I2C_1_ISR
 .text.I2C_1_MasterSendStart
                0x0000085c       0x80 .\CortexM3\ARM_GCC_541\Debug\test.a(I2C_1_MASTER.o)
                0x0000085c                I2C_1_MasterSendStart
 .text.I2C_1_MasterSendStop
                0x000008dc       0x38 .\CortexM3\ARM_GCC_541\Debug\test.a(I2C_1_MASTER.o)
                0x000008dc                I2C_1_MasterSendStop
 .text.I2C_1_MasterWriteByte
                0x00000914       0x58 .\CortexM3\ARM_GCC_541\Debug\test.a(I2C_1_MASTER.o)
                0x00000914                I2C_1_MasterWriteByte
 .text.Encoder_1_Enable
                0x0000096c       0x10 .\CortexM3\ARM_GCC_541\Debug\test.a(Encoder_1.o)
                0x0000096c                Encoder_1_Enable
 .text.Encoder_1_SetInterruptMode
                0x0000097c        0xc .\CortexM3\ARM_GCC_541\Debug\test.a(Encoder_1.o)
                0x0000097c                Encoder_1_SetInterruptMode
 .text.Encoder_1_ReadStatusRegister
                0x00000988        0xc .\CortexM3\ARM_GCC_541\Debug\test.a(Encoder_1.o)
                0x00000988                Encoder_1_ReadStatusRegister
 .text.Encoder_1_WriteCounter
                0x00000994       0x10 .\CortexM3\ARM_GCC_541\Debug\test.a(Encoder_1.o)
                0x00000994                Encoder_1_WriteCounter
 .text.Encoder_1_ReadCapture
                0x000009a4       0x10 .\CortexM3\ARM_GCC_541\Debug\test.a(Encoder_1.o)
                0x000009a4                Encoder_1_ReadCapture
 .text.Encoder_1_WritePeriod
                0x000009b4       0x10 .\CortexM3\ARM_GCC_541\Debug\test.a(Encoder_1.o)
                0x000009b4                Encoder_1_WritePeriod
 .text.Encoder_1_WriteCompare
                0x000009c4       0x10 .\CortexM3\ARM_GCC_541\Debug\test.a(Encoder_1.o)
                0x000009c4                Encoder_1_WriteCompare
 .text.Encoder_1_ClearFIFO
                0x000009d4       0x14 .\CortexM3\ARM_GCC_541\Debug\test.a(Encoder_1.o)
                0x000009d4                Encoder_1_ClearFIFO
 .text.Encoder_1_Init
                0x000009e8       0x58 .\CortexM3\ARM_GCC_541\Debug\test.a(Encoder_1.o)
                0x000009e8                Encoder_1_Init
 .text.Encoder_1_Start
                0x00000a40       0x1c .\CortexM3\ARM_GCC_541\Debug\test.a(Encoder_1.o)
                0x00000a40                Encoder_1_Start
 .text.Encoder_2_Enable
                0x00000a5c       0x10 .\CortexM3\ARM_GCC_541\Debug\test.a(Encoder_2.o)
                0x00000a5c                Encoder_2_Enable
 .text.Encoder_2_SetInterruptMode
                0x00000a6c        0xc .\CortexM3\ARM_GCC_541\Debug\test.a(Encoder_2.o)
                0x00000a6c                Encoder_2_SetInterruptMode
 .text.Encoder_2_ReadStatusRegister
                0x00000a78        0xc .\CortexM3\ARM_GCC_541\Debug\test.a(Encoder_2.o)
                0x00000a78                Encoder_2_ReadStatusRegister
 .text.Encoder_2_WriteCounter
                0x00000a84       0x10 .\CortexM3\ARM_GCC_541\Debug\test.a(Encoder_2.o)
                0x00000a84                Encoder_2_WriteCounter
 .text.Encoder_2_ReadCapture
                0x00000a94       0x10 .\CortexM3\ARM_GCC_541\Debug\test.a(Encoder_2.o)
                0x00000a94                Encoder_2_ReadCapture
 .text.Encoder_2_WritePeriod
                0x00000aa4       0x10 .\CortexM3\ARM_GCC_541\Debug\test.a(Encoder_2.o)
                0x00000aa4                Encoder_2_WritePeriod
 .text.Encoder_2_WriteCompare
                0x00000ab4       0x10 .\CortexM3\ARM_GCC_541\Debug\test.a(Encoder_2.o)
                0x00000ab4                Encoder_2_WriteCompare
 .text.Encoder_2_ClearFIFO
                0x00000ac4       0x14 .\CortexM3\ARM_GCC_541\Debug\test.a(Encoder_2.o)
                0x00000ac4                Encoder_2_ClearFIFO
 .text.Encoder_2_Init
                0x00000ad8       0x58 .\CortexM3\ARM_GCC_541\Debug\test.a(Encoder_2.o)
                0x00000ad8                Encoder_2_Init
 .text.Encoder_2_Start
                0x00000b30       0x1c .\CortexM3\ARM_GCC_541\Debug\test.a(Encoder_2.o)
                0x00000b30                Encoder_2_Start
 .text.Encoder_3_Enable
                0x00000b4c       0x10 .\CortexM3\ARM_GCC_541\Debug\test.a(Encoder_3.o)
                0x00000b4c                Encoder_3_Enable
 .text.Encoder_3_SetInterruptMode
                0x00000b5c        0xc .\CortexM3\ARM_GCC_541\Debug\test.a(Encoder_3.o)
                0x00000b5c                Encoder_3_SetInterruptMode
 .text.Encoder_3_ReadStatusRegister
                0x00000b68        0xc .\CortexM3\ARM_GCC_541\Debug\test.a(Encoder_3.o)
                0x00000b68                Encoder_3_ReadStatusRegister
 .text.Encoder_3_WriteCounter
                0x00000b74       0x10 .\CortexM3\ARM_GCC_541\Debug\test.a(Encoder_3.o)
                0x00000b74                Encoder_3_WriteCounter
 .text.Encoder_3_ReadCapture
                0x00000b84       0x10 .\CortexM3\ARM_GCC_541\Debug\test.a(Encoder_3.o)
                0x00000b84                Encoder_3_ReadCapture
 .text.Encoder_3_WritePeriod
                0x00000b94       0x10 .\CortexM3\ARM_GCC_541\Debug\test.a(Encoder_3.o)
                0x00000b94                Encoder_3_WritePeriod
 .text.Encoder_3_WriteCompare
                0x00000ba4       0x10 .\CortexM3\ARM_GCC_541\Debug\test.a(Encoder_3.o)
                0x00000ba4                Encoder_3_WriteCompare
 .text.Encoder_3_ClearFIFO
                0x00000bb4       0x14 .\CortexM3\ARM_GCC_541\Debug\test.a(Encoder_3.o)
                0x00000bb4                Encoder_3_ClearFIFO
 .text.Encoder_3_Init
                0x00000bc8       0x58 .\CortexM3\ARM_GCC_541\Debug\test.a(Encoder_3.o)
                0x00000bc8                Encoder_3_Init
 .text.Encoder_3_Start
                0x00000c20       0x1c .\CortexM3\ARM_GCC_541\Debug\test.a(Encoder_3.o)
                0x00000c20                Encoder_3_Start
 .text.Encoder_4_Enable
                0x00000c3c       0x10 .\CortexM3\ARM_GCC_541\Debug\test.a(Encoder_4.o)
                0x00000c3c                Encoder_4_Enable
 .text.Encoder_4_SetInterruptMode
                0x00000c4c        0xc .\CortexM3\ARM_GCC_541\Debug\test.a(Encoder_4.o)
                0x00000c4c                Encoder_4_SetInterruptMode
 .text.Encoder_4_ReadStatusRegister
                0x00000c58        0xc .\CortexM3\ARM_GCC_541\Debug\test.a(Encoder_4.o)
                0x00000c58                Encoder_4_ReadStatusRegister
 .text.Encoder_4_WriteCounter
                0x00000c64       0x10 .\CortexM3\ARM_GCC_541\Debug\test.a(Encoder_4.o)
                0x00000c64                Encoder_4_WriteCounter
 .text.Encoder_4_ReadCapture
                0x00000c74       0x10 .\CortexM3\ARM_GCC_541\Debug\test.a(Encoder_4.o)
                0x00000c74                Encoder_4_ReadCapture
 .text.Encoder_4_WritePeriod
                0x00000c84       0x10 .\CortexM3\ARM_GCC_541\Debug\test.a(Encoder_4.o)
                0x00000c84                Encoder_4_WritePeriod
 .text.Encoder_4_WriteCompare
                0x00000c94       0x10 .\CortexM3\ARM_GCC_541\Debug\test.a(Encoder_4.o)
                0x00000c94                Encoder_4_WriteCompare
 .text.Encoder_4_ClearFIFO
                0x00000ca4       0x14 .\CortexM3\ARM_GCC_541\Debug\test.a(Encoder_4.o)
                0x00000ca4                Encoder_4_ClearFIFO
 .text.Encoder_4_Init
                0x00000cb8       0x58 .\CortexM3\ARM_GCC_541\Debug\test.a(Encoder_4.o)
                0x00000cb8                Encoder_4_Init
 .text.Encoder_4_Start
                0x00000d10       0x1c .\CortexM3\ARM_GCC_541\Debug\test.a(Encoder_4.o)
                0x00000d10                Encoder_4_Start
 .text.Encoder_5_Enable
                0x00000d2c       0x10 .\CortexM3\ARM_GCC_541\Debug\test.a(Encoder_5.o)
                0x00000d2c                Encoder_5_Enable
 .text.Encoder_5_SetInterruptMode
                0x00000d3c        0xc .\CortexM3\ARM_GCC_541\Debug\test.a(Encoder_5.o)
                0x00000d3c                Encoder_5_SetInterruptMode
 .text.Encoder_5_ReadStatusRegister
                0x00000d48        0xc .\CortexM3\ARM_GCC_541\Debug\test.a(Encoder_5.o)
                0x00000d48                Encoder_5_ReadStatusRegister
 .text.Encoder_5_WriteCounter
                0x00000d54       0x10 .\CortexM3\ARM_GCC_541\Debug\test.a(Encoder_5.o)
                0x00000d54                Encoder_5_WriteCounter
 .text.Encoder_5_ReadCapture
                0x00000d64       0x10 .\CortexM3\ARM_GCC_541\Debug\test.a(Encoder_5.o)
                0x00000d64                Encoder_5_ReadCapture
 .text.Encoder_5_WritePeriod
                0x00000d74       0x10 .\CortexM3\ARM_GCC_541\Debug\test.a(Encoder_5.o)
                0x00000d74                Encoder_5_WritePeriod
 .text.Encoder_5_WriteCompare
                0x00000d84       0x10 .\CortexM3\ARM_GCC_541\Debug\test.a(Encoder_5.o)
                0x00000d84                Encoder_5_WriteCompare
 .text.Encoder_5_ClearFIFO
                0x00000d94       0x14 .\CortexM3\ARM_GCC_541\Debug\test.a(Encoder_5.o)
                0x00000d94                Encoder_5_ClearFIFO
 .text.Encoder_5_Init
                0x00000da8       0x58 .\CortexM3\ARM_GCC_541\Debug\test.a(Encoder_5.o)
                0x00000da8                Encoder_5_Init
 .text.Encoder_5_Start
                0x00000e00       0x1c .\CortexM3\ARM_GCC_541\Debug\test.a(Encoder_5.o)
                0x00000e00                Encoder_5_Start
 .text.Encoder_6_Enable
                0x00000e1c       0x10 .\CortexM3\ARM_GCC_541\Debug\test.a(Encoder_6.o)
                0x00000e1c                Encoder_6_Enable
 .text.Encoder_6_SetInterruptMode
                0x00000e2c        0xc .\CortexM3\ARM_GCC_541\Debug\test.a(Encoder_6.o)
                0x00000e2c                Encoder_6_SetInterruptMode
 .text.Encoder_6_ReadStatusRegister
                0x00000e38        0xc .\CortexM3\ARM_GCC_541\Debug\test.a(Encoder_6.o)
                0x00000e38                Encoder_6_ReadStatusRegister
 .text.Encoder_6_WriteCounter
                0x00000e44       0x10 .\CortexM3\ARM_GCC_541\Debug\test.a(Encoder_6.o)
                0x00000e44                Encoder_6_WriteCounter
 .text.Encoder_6_ReadCapture
                0x00000e54       0x10 .\CortexM3\ARM_GCC_541\Debug\test.a(Encoder_6.o)
                0x00000e54                Encoder_6_ReadCapture
 .text.Encoder_6_WritePeriod
                0x00000e64       0x10 .\CortexM3\ARM_GCC_541\Debug\test.a(Encoder_6.o)
                0x00000e64                Encoder_6_WritePeriod
 .text.Encoder_6_WriteCompare
                0x00000e74       0x10 .\CortexM3\ARM_GCC_541\Debug\test.a(Encoder_6.o)
                0x00000e74                Encoder_6_WriteCompare
 .text.Encoder_6_ClearFIFO
                0x00000e84       0x14 .\CortexM3\ARM_GCC_541\Debug\test.a(Encoder_6.o)
                0x00000e84                Encoder_6_ClearFIFO
 .text.Encoder_6_Init
                0x00000e98       0x58 .\CortexM3\ARM_GCC_541\Debug\test.a(Encoder_6.o)
                0x00000e98                Encoder_6_Init
 .text.Encoder_6_Start
                0x00000ef0       0x1c .\CortexM3\ARM_GCC_541\Debug\test.a(Encoder_6.o)
                0x00000ef0                Encoder_6_Start
 .text.Encoder_7_Enable
                0x00000f0c       0x10 .\CortexM3\ARM_GCC_541\Debug\test.a(Encoder_7.o)
                0x00000f0c                Encoder_7_Enable
 .text.Encoder_7_SetInterruptMode
                0x00000f1c        0xc .\CortexM3\ARM_GCC_541\Debug\test.a(Encoder_7.o)
                0x00000f1c                Encoder_7_SetInterruptMode
 .text.Encoder_7_ReadStatusRegister
                0x00000f28        0xc .\CortexM3\ARM_GCC_541\Debug\test.a(Encoder_7.o)
                0x00000f28                Encoder_7_ReadStatusRegister
 .text.Encoder_7_WriteCounter
                0x00000f34       0x10 .\CortexM3\ARM_GCC_541\Debug\test.a(Encoder_7.o)
                0x00000f34                Encoder_7_WriteCounter
 .text.Encoder_7_ReadCapture
                0x00000f44       0x10 .\CortexM3\ARM_GCC_541\Debug\test.a(Encoder_7.o)
                0x00000f44                Encoder_7_ReadCapture
 .text.Encoder_7_WritePeriod
                0x00000f54       0x10 .\CortexM3\ARM_GCC_541\Debug\test.a(Encoder_7.o)
                0x00000f54                Encoder_7_WritePeriod
 .text.Encoder_7_WriteCompare
                0x00000f64       0x10 .\CortexM3\ARM_GCC_541\Debug\test.a(Encoder_7.o)
                0x00000f64                Encoder_7_WriteCompare
 .text.Encoder_7_ClearFIFO
                0x00000f74       0x14 .\CortexM3\ARM_GCC_541\Debug\test.a(Encoder_7.o)
                0x00000f74                Encoder_7_ClearFIFO
 .text.Encoder_7_Init
                0x00000f88       0x58 .\CortexM3\ARM_GCC_541\Debug\test.a(Encoder_7.o)
                0x00000f88                Encoder_7_Init
 .text.Encoder_7_Start
                0x00000fe0       0x1c .\CortexM3\ARM_GCC_541\Debug\test.a(Encoder_7.o)
                0x00000fe0                Encoder_7_Start
 .text.UART_1_IntClock_Start
                0x00000ffc       0x1c .\CortexM3\ARM_GCC_541\Debug\test.a(UART_1_IntClock.o)
                0x00000ffc                UART_1_IntClock_Start
 .text.CyHalt   0x00001018        0x4 .\CortexM3\ARM_GCC_541\Debug\test.a(CyLib.o)
                0x00001018                CyHalt
 .text.CyDelay  0x0000101c       0x2c .\CortexM3\ARM_GCC_541\Debug\test.a(CyLib.o)
                0x0000101c                CyDelay
 .text.CyIntSetVector
                0x00001048       0x28 .\CortexM3\ARM_GCC_541\Debug\test.a(CyLib.o)
                0x00001048                CyIntSetVector
 .text.CyIntSetPriority
                0x00001070       0x30 .\CortexM3\ARM_GCC_541\Debug\test.a(CyLib.o)
                0x00001070                CyIntSetPriority
 .text.CySetReg24
                0x000010a0       0x14 .\CortexM3\ARM_GCC_541\Debug\test.a(cyutils.o)
                0x000010a0                CySetReg24
 *fill*         0x000010b4        0x4 
 .text          0x000010b8       0x20 .\CortexM3\ARM_GCC_541\Debug\test.a(CyBootAsmGnu.o)
                0x000010b8                CyDelayCycles
                0x000010c8                CyEnterCriticalSection
                0x000010d0                CyExitCriticalSection
 .text.__errno  0x000010d8        0xc c:/program files (x86)/cypress/psoc creator/4.4/psoc creator/import/gnu/arm/5.4.1/bin/../lib/gcc/arm-none-eabi/5.4.1/../../../../arm-none-eabi/lib/armv7-m\libg_nano.a(lib_a-errno.o)
                0x000010d8                __errno
 .text.__libc_init_array
                0x000010e4       0x4c c:/program files (x86)/cypress/psoc creator/4.4/psoc creator/import/gnu/arm/5.4.1/bin/../lib/gcc/arm-none-eabi/5.4.1/../../../../arm-none-eabi/lib/armv7-m\libg_nano.a(lib_a-init.o)
                0x000010e4                __libc_init_array
 .text.memcpy   0x00001130       0x16 c:/program files (x86)/cypress/psoc creator/4.4/psoc creator/import/gnu/arm/5.4.1/bin/../lib/gcc/arm-none-eabi/5.4.1/../../../../arm-none-eabi/lib/armv7-m\libg_nano.a(lib_a-memcpy-stub.o)
                0x00001130                memcpy
 .text.memset   0x00001146       0x10 c:/program files (x86)/cypress/psoc creator/4.4/psoc creator/import/gnu/arm/5.4.1/bin/../lib/gcc/arm-none-eabi/5.4.1/../../../../arm-none-eabi/lib/armv7-m\libg_nano.a(lib_a-memset.o)
                0x00001146                memset
 *(.plt)
 *(.gnu.warning)
 *(.glue_7t)
 .glue_7t       0x00001156        0x0 linker stubs
 *(.glue_7)
 .glue_7        0x00001156        0x0 linker stubs
 *(.vfp11_veneer)
 .vfp11_veneer  0x00001156        0x0 linker stubs
 *(.bootloader)
 *(.ARM.extab* .gnu.linkonce.armextab.*)
 *(.gcc_except_table)

.v4_bx          0x00001158        0x0
 .v4_bx         0x00001158        0x0 linker stubs

.iplt           0x00001158        0x0
 .iplt          0x00001158        0x0 c:/program files (x86)/cypress/psoc creator/4.4/psoc creator/import/gnu/arm/5.4.1/bin/../lib/gcc/arm-none-eabi/5.4.1/armv7-m/crtbegin.o

.eh_frame_hdr
 *(.eh_frame_hdr)

.eh_frame       0x00001158        0x4
 *(.eh_frame)
 .eh_frame      0x00001158        0x0 c:/program files (x86)/cypress/psoc creator/4.4/psoc creator/import/gnu/arm/5.4.1/bin/../lib/gcc/arm-none-eabi/5.4.1/armv7-m/crtbegin.o
 .eh_frame      0x00001158        0x4 c:/program files (x86)/cypress/psoc creator/4.4/psoc creator/import/gnu/arm/5.4.1/bin/../lib/gcc/arm-none-eabi/5.4.1/armv7-m/crtend.o
                [!provide]                PROVIDE (__exidx_start, .)

.ARM.exidx
 *(.ARM.exidx* .gnu.linkonce.armexidx.*)
                0x0000115c                __exidx_end = .

.rodata         0x0000115c       0x74
 *(.rodata .rodata.* .gnu.linkonce.r.*)
 .rodata        0x0000115c       0x3a .\CortexM3\ARM_GCC_541\Debug\cyfitter_cfg.o
 .rodata.str1.1
                0x00001196        0x2 c:/program files (x86)/cypress/psoc creator/4.4/psoc creator/import/gnu/arm/5.4.1/bin/../lib/gcc/arm-none-eabi/5.4.1/../../../../arm-none-eabi/lib/armv7-m\libg_nano.a(lib_a-impure.o)
                0x00001198                . = ALIGN (0x4)
 *(.init)
 .init          0x00001198        0x4 c:/program files (x86)/cypress/psoc creator/4.4/psoc creator/import/gnu/arm/5.4.1/bin/../lib/gcc/arm-none-eabi/5.4.1/armv7-m/crti.o
                0x00001198                _init
 .init          0x0000119c        0x8 c:/program files (x86)/cypress/psoc creator/4.4/psoc creator/import/gnu/arm/5.4.1/bin/../lib/gcc/arm-none-eabi/5.4.1/armv7-m/crtn.o
                0x000011a4                . = ALIGN (0x4)
                0x000011a4                __preinit_array_start = .
 *(.preinit_array)
                0x000011a4                __preinit_array_end = .
                0x000011a4                . = ALIGN (0x4)
                0x000011a4                __init_array_start = .
 *(SORT(.init_array.*))
 *(.init_array)
 .init_array    0x000011a4        0x4 c:/program files (x86)/cypress/psoc creator/4.4/psoc creator/import/gnu/arm/5.4.1/bin/../lib/gcc/arm-none-eabi/5.4.1/armv7-m/crtbegin.o
 .init_array    0x000011a8        0x4 .\CortexM3\ARM_GCC_541\Debug\Cm3Start.o
                0x000011ac                __init_array_end = .
                0x000011ac                . = ALIGN (0x4)
 *(.fini)
 .fini          0x000011ac        0x4 c:/program files (x86)/cypress/psoc creator/4.4/psoc creator/import/gnu/arm/5.4.1/bin/../lib/gcc/arm-none-eabi/5.4.1/armv7-m/crti.o
                0x000011ac                _fini
 .fini          0x000011b0        0x8 c:/program files (x86)/cypress/psoc creator/4.4/psoc creator/import/gnu/arm/5.4.1/bin/../lib/gcc/arm-none-eabi/5.4.1/armv7-m/crtn.o
                0x000011b8                . = ALIGN (0x4)
                0x000011b8                __fini_array_start = .
 *(.fini_array)
 .fini_array    0x000011b8        0x4 c:/program files (x86)/cypress/psoc creator/4.4/psoc creator/import/gnu/arm/5.4.1/bin/../lib/gcc/arm-none-eabi/5.4.1/armv7-m/crtbegin.o
 *(SORT(.fini_array.*))
                0x000011bc                __fini_array_end = .
                0x000011bc                . = ALIGN (0x4)
 *crtbegin.o(.ctors)
 *(EXCLUDE_FILE(*crtend.o) .ctors)
 *(SORT(.ctors.*))
 *crtend.o(.ctors)
                0x000011bc                . = ALIGN (0x4)
 *crtbegin.o(.dtors)
 *(EXCLUDE_FILE(*crtend.o) .dtors)
 *(SORT(.dtors.*))
 *crtend.o(.dtors)
                0x000011bc                . = ALIGN (0x4)
                0x000011bc                __cy_regions = .
                0x000011bc        0x4 LONG 0x11d0 __cy_region_init_ram
                0x000011c0        0x4 LONG 0x1fff80c8 __cy_region_start_data
                0x000011c4        0x4 LONG 0x78 __cy_region_init_size_ram
                0x000011c8        0x4 LONG 0x80 __cy_region_zero_size_ram
                0x000011cc                __cy_regions_end = .
                0x000011d0                . = ALIGN (0x8)
 *fill*         0x000011cc        0x4 
                0x000011d0                _etext = .

.cy_checksum_exclude
                0x000011d0        0x0
 *(.cy_checksum_exclude)

.ramvectors     0x1fff8000       0xc0
                0x1fff8000                __cy_region_start_ram = .
 *(.ramvectors)
 .ramvectors    0x1fff8000       0xc0 .\CortexM3\ARM_GCC_541\Debug\Cm3Start.o
                0x1fff8000                CyRamVectors

.noinit         0x1fff80c0        0x1
 *(.noinit)
 .noinit        0x1fff80c0        0x1 .\CortexM3\ARM_GCC_541\Debug\test.a(CyLib.o)
                0x1fff80c0                CyResetStatus

.data           0x1fff80c8       0x78 load address 0x000011d0
                0x1fff80c8                __cy_region_start_data = .
 *(.jcr)
 .jcr           0x1fff80c8        0x0 c:/program files (x86)/cypress/psoc creator/4.4/psoc creator/import/gnu/arm/5.4.1/bin/../lib/gcc/arm-none-eabi/5.4.1/armv7-m/crtbegin.o
 .jcr           0x1fff80c8        0x4 c:/program files (x86)/cypress/psoc creator/4.4/psoc creator/import/gnu/arm/5.4.1/bin/../lib/gcc/arm-none-eabi/5.4.1/armv7-m/crtend.o
 *(.got.plt)
 *(.got)
 *(.shdata)
 *(.data .data.* .gnu.linkonce.d.*)
 .data          0x1fff80cc       0x10 .\CortexM3\ARM_GCC_541\Debug\test.a(CyLib.o)
                0x1fff80cc                cydelay_32k_ms
                0x1fff80d0                cydelay_freq_khz
                0x1fff80d4                cydelay_freq_mhz
                0x1fff80d8                cydelay_freq_hz
 .data.impure_data
                0x1fff80dc       0x60 c:/program files (x86)/cypress/psoc creator/4.4/psoc creator/import/gnu/arm/5.4.1/bin/../lib/gcc/arm-none-eabi/5.4.1/../../../../arm-none-eabi/lib/armv7-m\libg_nano.a(lib_a-impure.o)
 .data._impure_ptr
                0x1fff813c        0x4 c:/program files (x86)/cypress/psoc creator/4.4/psoc creator/import/gnu/arm/5.4.1/bin/../lib/gcc/arm-none-eabi/5.4.1/../../../../arm-none-eabi/lib/armv7-m\libg_nano.a(lib_a-impure.o)
                0x1fff813c                _impure_ptr
                0x1fff8140                . = ALIGN (0x8)
 *(.ram)
                0x1fff8140                _edata = .

.igot.plt       0x1fff8140        0x0 load address 0x00001248
 .igot.plt      0x1fff8140        0x0 c:/program files (x86)/cypress/psoc creator/4.4/psoc creator/import/gnu/arm/5.4.1/bin/../lib/gcc/arm-none-eabi/5.4.1/armv7-m/crtbegin.o

.bss            0x1fff8140       0x80 load address 0x00001248
                0x1fff8140                PROVIDE (__bss_start__, .)
 *(.shbss)
 *(.bss .bss.* .gnu.linkonce.b.*)
 .bss           0x1fff8140       0x1c c:/program files (x86)/cypress/psoc creator/4.4/psoc creator/import/gnu/arm/5.4.1/bin/../lib/gcc/arm-none-eabi/5.4.1/armv7-m/crtbegin.o
 .bss           0x1fff815c       0x40 .\CortexM3\ARM_GCC_541\Debug\main.o
                0x1fff815c                relays_state
                0x1fff8160                actuator_1_position
                0x1fff8164                actuator_2_position
                0x1fff8168                actuator_3_position
                0x1fff816c                actuator_4_position
                0x1fff8170                actuator_5_position
                0x1fff8174                actuator_6_position
                0x1fff8178                actuator_7_position
                0x1fff817c                newCommand
                0x1fff817d                command
                0x1fff8180                actuator_7_home_position
                0x1fff8184                actuator_6_home_position
                0x1fff8188                actuator_5_home_position
                0x1fff818c                actuator_4_home_position
                0x1fff8190                actuator_3_home_position
                0x1fff8194                actuator_2_home_position
                0x1fff8198                actuator_1_home_position
 .bss           0x1fff819c        0x2 .\CortexM3\ARM_GCC_541\Debug\test.a(UART_1.o)
                0x1fff819c                UART_1_initVar
 .bss           0x1fff819e        0x1 .\CortexM3\ARM_GCC_541\Debug\test.a(I2C_1.o)
                0x1fff819e                I2C_1_initVar
 .bss           0x1fff819f        0x1 .\CortexM3\ARM_GCC_541\Debug\test.a(Encoder_1.o)
                0x1fff819f                Encoder_1_initVar
 .bss           0x1fff81a0        0x1 .\CortexM3\ARM_GCC_541\Debug\test.a(Encoder_2.o)
                0x1fff81a0                Encoder_2_initVar
 .bss           0x1fff81a1        0x1 .\CortexM3\ARM_GCC_541\Debug\test.a(Encoder_3.o)
                0x1fff81a1                Encoder_3_initVar
 .bss           0x1fff81a2        0x1 .\CortexM3\ARM_GCC_541\Debug\test.a(Encoder_4.o)
                0x1fff81a2                Encoder_4_initVar
 .bss           0x1fff81a3        0x1 .\CortexM3\ARM_GCC_541\Debug\test.a(Encoder_5.o)
                0x1fff81a3                Encoder_5_initVar
 .bss           0x1fff81a4        0x1 .\CortexM3\ARM_GCC_541\Debug\test.a(Encoder_6.o)
                0x1fff81a4                Encoder_6_initVar
 .bss           0x1fff81a5        0x1 .\CortexM3\ARM_GCC_541\Debug\test.a(Encoder_7.o)
                0x1fff81a5                Encoder_7_initVar
 *(COMMON)
 COMMON         0x1fff81a6        0x1 .\CortexM3\ARM_GCC_541\Debug\test.a(I2C_1.o)
                0x1fff81a6                I2C_1_state
 *fill*         0x1fff81a7        0x1 
 COMMON         0x1fff81a8       0x11 .\CortexM3\ARM_GCC_541\Debug\test.a(I2C_1_MASTER.o)
                0x1fff81a8                I2C_1_mstrWrBufIndex
                0x1fff81a9                I2C_1_mstrControl
                0x1fff81aa                I2C_1_mstrStatus
                0x1fff81ab                I2C_1_mstrWrBufSize
                0x1fff81ac                I2C_1_mstrRdBufIndex
                0x1fff81b0                I2C_1_mstrWrBufPtr
                0x1fff81b4                I2C_1_mstrRdBufPtr
                0x1fff81b8                I2C_1_mstrRdBufSize
                0x1fff81c0                . = ALIGN (0x8)
 *fill*         0x1fff81b9        0x7 
 *(.ram.b)
                0x1fff81c0                _end = .
                0x1fff81c0                __end = .
                0x1fff81c0                PROVIDE (end, .)
                0x1fff81c0                PROVIDE (__bss_end__, .)
                0x000011d0                __cy_region_init_ram = LOADADDR (.data)
                0x00000078                __cy_region_init_size_ram = (_edata - ADDR (.data))
                0x00000080                __cy_region_zero_size_ram = (_end - _edata)

.heap           0x1fff81c0       0x80 load address 0x00001248
                0x1fff81c0                . = _end
                0x1fff8240                . = (. + 0x80)
 *fill*         0x1fff81c0       0x80 
                0x1fff8240                __cy_heap_limit = .

.stack          0x20007800      0x800
                0x20007800                __cy_stack_limit = .
                0x20008000                . = (. + 0x800)
 *fill*         0x20007800      0x800 
                0x00000001                ASSERT ((__cy_stack_limit >= __cy_heap_limit), region RAM overflowed with stack)
                0x00000000                cy_checksum_exclude_size = (CY_APPL_LOADABLE == 0x1)?SIZEOF (.cy_checksum_exclude):0x0
                0x00000001                ASSERT ((cy_checksum_exclude_size <= CY_CHECKSUM_EXCLUDE_SIZE), CY_BOOT: Section .cy_checksum_exclude size exceedes specified limit.)

.cyloadermeta
 *(.cyloadermeta)

.cyloadablemeta
 *(.cyloadablemeta)

.cyconfigecc    0x80000000      0xdb4
 *(.cyconfigecc)
 .cyconfigecc   0x80000000      0xdb4 .\CortexM3\ARM_GCC_541\Debug\cymetadata.o
                0x80000000                cy_meta_configecc

.cycustnvl      0x90000000        0x4
 *(.cycustnvl)
 .cycustnvl     0x90000000        0x4 .\CortexM3\ARM_GCC_541\Debug\cymetadata.o
                0x90000000                cy_meta_custnvl

.cywolatch      0x90100000        0x4
 *(.cywolatch)
 .cywolatch     0x90100000        0x4 .\CortexM3\ARM_GCC_541\Debug\cymetadata.o
                0x90100000                cy_meta_wonvl

.cyeeprom       0x90200000        0x0
 *(.cyeeprom)
                0x00000001                ASSERT ((. <= ((0x90200000 + ee_offset) + ee_size)), .cyeeprom data will not fit in EEPROM)

.cyflashprotect
                0x90400000      0x100
 *(.cyflashprotect)
 .cyflashprotect
                0x90400000      0x100 .\CortexM3\ARM_GCC_541\Debug\cymetadata.o
                0x90400000                cy_meta_flashprotect

.cymeta         0x90500000        0xc
 *(.cymeta)
 .cymeta        0x90500000        0xc .\CortexM3\ARM_GCC_541\Debug\cymetadata.o
                0x90500000                cy_metadata

.rel.dyn        0x00001248        0x0 load address 0x9050000c
 .rel.iplt      0x00001248        0x0 c:/program files (x86)/cypress/psoc creator/4.4/psoc creator/import/gnu/arm/5.4.1/bin/../lib/gcc/arm-none-eabi/5.4.1/armv7-m/crtbegin.o

.stab
 *(.stab)

.stabstr
 *(.stabstr)

.debug
 *(.debug)

.line
 *(.line)

.debug_srcinfo
 *(.debug_srcinfo)

.debug_sfnames
 *(.debug_sfnames)

.debug_aranges  0x00000000      0xc40
 *(.debug_aranges)
 .debug_aranges
                0x00000000       0x70 .\CortexM3\ARM_GCC_541\Debug\main.o
 .debug_aranges
                0x00000070       0x58 .\CortexM3\ARM_GCC_541\Debug\cyfitter_cfg.o
 .debug_aranges
                0x000000c8       0x18 .\CortexM3\ARM_GCC_541\Debug\cymetadata.o
 .debug_aranges
                0x000000e0       0x48 .\CortexM3\ARM_GCC_541\Debug\Cm3Start.o
 .debug_aranges
                0x00000128       0xf0 .\CortexM3\ARM_GCC_541\Debug\test.a(UART_1.o)
 .debug_aranges
                0x00000218       0x38 .\CortexM3\ARM_GCC_541\Debug\test.a(I2C_1.o)
 .debug_aranges
                0x00000250       0x20 .\CortexM3\ARM_GCC_541\Debug\test.a(I2C_1_INT.o)
 .debug_aranges
                0x00000270       0x38 .\CortexM3\ARM_GCC_541\Debug\test.a(I2C_1_PM.o)
 .debug_aranges
                0x000002a8       0x80 .\CortexM3\ARM_GCC_541\Debug\test.a(I2C_1_MASTER.o)
 .debug_aranges
                0x00000328       0x98 .\CortexM3\ARM_GCC_541\Debug\test.a(Encoder_1.o)
 .debug_aranges
                0x000003c0       0x98 .\CortexM3\ARM_GCC_541\Debug\test.a(Encoder_2.o)
 .debug_aranges
                0x00000458       0x98 .\CortexM3\ARM_GCC_541\Debug\test.a(Encoder_3.o)
 .debug_aranges
                0x000004f0       0x98 .\CortexM3\ARM_GCC_541\Debug\test.a(Encoder_4.o)
 .debug_aranges
                0x00000588       0x98 .\CortexM3\ARM_GCC_541\Debug\test.a(Encoder_5.o)
 .debug_aranges
                0x00000620       0x98 .\CortexM3\ARM_GCC_541\Debug\test.a(Encoder_6.o)
 .debug_aranges
                0x000006b8       0x98 .\CortexM3\ARM_GCC_541\Debug\test.a(Encoder_7.o)
 .debug_aranges
                0x00000750       0x70 .\CortexM3\ARM_GCC_541\Debug\test.a(UART_1_IntClock.o)
 .debug_aranges
                0x000007c0      0x2a0 .\CortexM3\ARM_GCC_541\Debug\test.a(CyLib.o)
 .debug_aranges
                0x00000a60       0x98 .\CortexM3\ARM_GCC_541\Debug\test.a(cyPm.o)
 .debug_aranges
                0x00000af8       0x20 .\CortexM3\ARM_GCC_541\Debug\test.a(cyutils.o)
 .debug_aranges
                0x00000b18       0x20 .\CortexM3\ARM_GCC_541\Debug\test.a(CyBootAsmGnu.o)
 .debug_aranges
                0x00000b38       0x88 .\CortexM3\ARM_GCC_541\Debug\test.a(CyFlash.o)
 .debug_aranges
                0x00000bc0       0x80 .\CortexM3\ARM_GCC_541\Debug\test.a(CySpc.o)

.debug_pubnames
 *(.debug_pubnames)

.debug_info     0x00000000     0x72c6
 *(.debug_info .gnu.linkonce.wi.*)
 .debug_info    0x00000000     0x111c .\CortexM3\ARM_GCC_541\Debug\main.o
 .debug_info    0x0000111c      0x594 .\CortexM3\ARM_GCC_541\Debug\cyfitter_cfg.o
 .debug_info    0x000016b0      0x139 .\CortexM3\ARM_GCC_541\Debug\cymetadata.o
 .debug_info    0x000017e9      0x3bb .\CortexM3\ARM_GCC_541\Debug\Cm3Start.o
 .debug_info    0x00001ba4      0x60c .\CortexM3\ARM_GCC_541\Debug\test.a(UART_1.o)
 .debug_info    0x000021b0      0x2ad .\CortexM3\ARM_GCC_541\Debug\test.a(I2C_1.o)
 .debug_info    0x0000245d      0x184 .\CortexM3\ARM_GCC_541\Debug\test.a(I2C_1_INT.o)
 .debug_info    0x000025e1      0x207 .\CortexM3\ARM_GCC_541\Debug\test.a(I2C_1_PM.o)
 .debug_info    0x000027e8      0x407 .\CortexM3\ARM_GCC_541\Debug\test.a(I2C_1_MASTER.o)
 .debug_info    0x00002bef      0x3a7 .\CortexM3\ARM_GCC_541\Debug\test.a(Encoder_1.o)
 .debug_info    0x00002f96      0x3a7 .\CortexM3\ARM_GCC_541\Debug\test.a(Encoder_2.o)
 .debug_info    0x0000333d      0x3a7 .\CortexM3\ARM_GCC_541\Debug\test.a(Encoder_3.o)
 .debug_info    0x000036e4      0x3a7 .\CortexM3\ARM_GCC_541\Debug\test.a(Encoder_4.o)
 .debug_info    0x00003a8b      0x3a7 .\CortexM3\ARM_GCC_541\Debug\test.a(Encoder_5.o)
 .debug_info    0x00003e32      0x3a7 .\CortexM3\ARM_GCC_541\Debug\test.a(Encoder_6.o)
 .debug_info    0x000041d9      0x3a7 .\CortexM3\ARM_GCC_541\Debug\test.a(Encoder_7.o)
 .debug_info    0x00004580      0x283 .\CortexM3\ARM_GCC_541\Debug\test.a(UART_1_IntClock.o)
 .debug_info    0x00004803     0x1374 .\CortexM3\ARM_GCC_541\Debug\test.a(CyLib.o)
 .debug_info    0x00005b77      0xa2a .\CortexM3\ARM_GCC_541\Debug\test.a(cyPm.o)
 .debug_info    0x000065a1       0xee .\CortexM3\ARM_GCC_541\Debug\test.a(cyutils.o)
 .debug_info    0x0000668f       0x9a .\CortexM3\ARM_GCC_541\Debug\test.a(CyBootAsmGnu.o)
 .debug_info    0x00006729      0x64d .\CortexM3\ARM_GCC_541\Debug\test.a(CyFlash.o)
 .debug_info    0x00006d76      0x550 .\CortexM3\ARM_GCC_541\Debug\test.a(CySpc.o)

.debug_abbrev   0x00000000     0x1dbb
 *(.debug_abbrev)
 .debug_abbrev  0x00000000      0x1fd .\CortexM3\ARM_GCC_541\Debug\main.o
 .debug_abbrev  0x000001fd      0x20d .\CortexM3\ARM_GCC_541\Debug\cyfitter_cfg.o
 .debug_abbrev  0x0000040a       0x77 .\CortexM3\ARM_GCC_541\Debug\cymetadata.o
 .debug_abbrev  0x00000481      0x1e8 .\CortexM3\ARM_GCC_541\Debug\Cm3Start.o
 .debug_abbrev  0x00000669      0x175 .\CortexM3\ARM_GCC_541\Debug\test.a(UART_1.o)
 .debug_abbrev  0x000007de      0x10a .\CortexM3\ARM_GCC_541\Debug\test.a(I2C_1.o)
 .debug_abbrev  0x000008e8       0xb6 .\CortexM3\ARM_GCC_541\Debug\test.a(I2C_1_INT.o)
 .debug_abbrev  0x0000099e       0xfe .\CortexM3\ARM_GCC_541\Debug\test.a(I2C_1_PM.o)
 .debug_abbrev  0x00000a9c      0x13c .\CortexM3\ARM_GCC_541\Debug\test.a(I2C_1_MASTER.o)
 .debug_abbrev  0x00000bd8      0x142 .\CortexM3\ARM_GCC_541\Debug\test.a(Encoder_1.o)
 .debug_abbrev  0x00000d1a      0x142 .\CortexM3\ARM_GCC_541\Debug\test.a(Encoder_2.o)
 .debug_abbrev  0x00000e5c      0x142 .\CortexM3\ARM_GCC_541\Debug\test.a(Encoder_3.o)
 .debug_abbrev  0x00000f9e      0x142 .\CortexM3\ARM_GCC_541\Debug\test.a(Encoder_4.o)
 .debug_abbrev  0x000010e0      0x142 .\CortexM3\ARM_GCC_541\Debug\test.a(Encoder_5.o)
 .debug_abbrev  0x00001222      0x142 .\CortexM3\ARM_GCC_541\Debug\test.a(Encoder_6.o)
 .debug_abbrev  0x00001364      0x142 .\CortexM3\ARM_GCC_541\Debug\test.a(Encoder_7.o)
 .debug_abbrev  0x000014a6      0x139 .\CortexM3\ARM_GCC_541\Debug\test.a(UART_1_IntClock.o)
 .debug_abbrev  0x000015df      0x254 .\CortexM3\ARM_GCC_541\Debug\test.a(CyLib.o)
 .debug_abbrev  0x00001833      0x1ab .\CortexM3\ARM_GCC_541\Debug\test.a(cyPm.o)
 .debug_abbrev  0x000019de       0x8e .\CortexM3\ARM_GCC_541\Debug\test.a(cyutils.o)
 .debug_abbrev  0x00001a6c       0x14 .\CortexM3\ARM_GCC_541\Debug\test.a(CyBootAsmGnu.o)
 .debug_abbrev  0x00001a80      0x1a7 .\CortexM3\ARM_GCC_541\Debug\test.a(CyFlash.o)
 .debug_abbrev  0x00001c27      0x194 .\CortexM3\ARM_GCC_541\Debug\test.a(CySpc.o)

.debug_line     0x00000000     0x2dca
 *(.debug_line)
 .debug_line    0x00000000      0x3ef .\CortexM3\ARM_GCC_541\Debug\main.o
 .debug_line    0x000003ef      0x1f5 .\CortexM3\ARM_GCC_541\Debug\cyfitter_cfg.o
 .debug_line    0x000005e4      0x141 .\CortexM3\ARM_GCC_541\Debug\cymetadata.o
 .debug_line    0x00000725      0x234 .\CortexM3\ARM_GCC_541\Debug\Cm3Start.o
 .debug_line    0x00000959      0x2c0 .\CortexM3\ARM_GCC_541\Debug\test.a(UART_1.o)
 .debug_line    0x00000c19       0xdf .\CortexM3\ARM_GCC_541\Debug\test.a(I2C_1.o)
 .debug_line    0x00000cf8      0x118 .\CortexM3\ARM_GCC_541\Debug\test.a(I2C_1_INT.o)
 .debug_line    0x00000e10       0xbf .\CortexM3\ARM_GCC_541\Debug\test.a(I2C_1_PM.o)
 .debug_line    0x00000ecf      0x201 .\CortexM3\ARM_GCC_541\Debug\test.a(I2C_1_MASTER.o)
 .debug_line    0x000010d0      0x189 .\CortexM3\ARM_GCC_541\Debug\test.a(Encoder_1.o)
 .debug_line    0x00001259      0x189 .\CortexM3\ARM_GCC_541\Debug\test.a(Encoder_2.o)
 .debug_line    0x000013e2      0x189 .\CortexM3\ARM_GCC_541\Debug\test.a(Encoder_3.o)
 .debug_line    0x0000156b      0x189 .\CortexM3\ARM_GCC_541\Debug\test.a(Encoder_4.o)
 .debug_line    0x000016f4      0x189 .\CortexM3\ARM_GCC_541\Debug\test.a(Encoder_5.o)
 .debug_line    0x0000187d      0x189 .\CortexM3\ARM_GCC_541\Debug\test.a(Encoder_6.o)
 .debug_line    0x00001a06      0x189 .\CortexM3\ARM_GCC_541\Debug\test.a(Encoder_7.o)
 .debug_line    0x00001b8f      0x17e .\CortexM3\ARM_GCC_541\Debug\test.a(UART_1_IntClock.o)
 .debug_line    0x00001d0d      0x816 .\CortexM3\ARM_GCC_541\Debug\test.a(CyLib.o)
 .debug_line    0x00002523      0x367 .\CortexM3\ARM_GCC_541\Debug\test.a(cyPm.o)
 .debug_line    0x0000288a       0x60 .\CortexM3\ARM_GCC_541\Debug\test.a(cyutils.o)
 .debug_line    0x000028ea       0x66 .\CortexM3\ARM_GCC_541\Debug\test.a(CyBootAsmGnu.o)
 .debug_line    0x00002950      0x21a .\CortexM3\ARM_GCC_541\Debug\test.a(CyFlash.o)
 .debug_line    0x00002b6a      0x260 .\CortexM3\ARM_GCC_541\Debug\test.a(CySpc.o)

.debug_frame    0x00000000     0x1f38
 *(.debug_frame)
 .debug_frame   0x00000000      0x174 .\CortexM3\ARM_GCC_541\Debug\main.o
 .debug_frame   0x00000174       0xe4 .\CortexM3\ARM_GCC_541\Debug\cyfitter_cfg.o
 .debug_frame   0x00000258       0xb8 .\CortexM3\ARM_GCC_541\Debug\Cm3Start.o
 .debug_frame   0x00000310      0x250 .\CortexM3\ARM_GCC_541\Debug\test.a(UART_1.o)
 .debug_frame   0x00000560       0x94 .\CortexM3\ARM_GCC_541\Debug\test.a(I2C_1.o)
 .debug_frame   0x000005f4       0x30 .\CortexM3\ARM_GCC_541\Debug\test.a(I2C_1_INT.o)
 .debug_frame   0x00000624       0x74 .\CortexM3\ARM_GCC_541\Debug\test.a(I2C_1_PM.o)
 .debug_frame   0x00000698      0x138 .\CortexM3\ARM_GCC_541\Debug\test.a(I2C_1_MASTER.o)
 .debug_frame   0x000007d0      0x158 .\CortexM3\ARM_GCC_541\Debug\test.a(Encoder_1.o)
 .debug_frame   0x00000928      0x158 .\CortexM3\ARM_GCC_541\Debug\test.a(Encoder_2.o)
 .debug_frame   0x00000a80      0x158 .\CortexM3\ARM_GCC_541\Debug\test.a(Encoder_3.o)
 .debug_frame   0x00000bd8      0x158 .\CortexM3\ARM_GCC_541\Debug\test.a(Encoder_4.o)
 .debug_frame   0x00000d30      0x158 .\CortexM3\ARM_GCC_541\Debug\test.a(Encoder_5.o)
 .debug_frame   0x00000e88      0x158 .\CortexM3\ARM_GCC_541\Debug\test.a(Encoder_6.o)
 .debug_frame   0x00000fe0      0x158 .\CortexM3\ARM_GCC_541\Debug\test.a(Encoder_7.o)
 .debug_frame   0x00001138       0xe0 .\CortexM3\ARM_GCC_541\Debug\test.a(UART_1_IntClock.o)
 .debug_frame   0x00001218      0x738 .\CortexM3\ARM_GCC_541\Debug\test.a(CyLib.o)
 .debug_frame   0x00001950      0x1f8 .\CortexM3\ARM_GCC_541\Debug\test.a(cyPm.o)
 .debug_frame   0x00001b48       0x20 .\CortexM3\ARM_GCC_541\Debug\test.a(cyutils.o)
 .debug_frame   0x00001b68      0x194 .\CortexM3\ARM_GCC_541\Debug\test.a(CyFlash.o)
 .debug_frame   0x00001cfc      0x180 .\CortexM3\ARM_GCC_541\Debug\test.a(CySpc.o)
 .debug_frame   0x00001e7c       0x20 c:/program files (x86)/cypress/psoc creator/4.4/psoc creator/import/gnu/arm/5.4.1/bin/../lib/gcc/arm-none-eabi/5.4.1/../../../../arm-none-eabi/lib/armv7-m\libg_nano.a(lib_a-errno.o)
 .debug_frame   0x00001e9c       0x28 c:/program files (x86)/cypress/psoc creator/4.4/psoc creator/import/gnu/arm/5.4.1/bin/../lib/gcc/arm-none-eabi/5.4.1/../../../../arm-none-eabi/lib/armv7-m\libg_nano.a(lib_a-exit.o)
 .debug_frame   0x00001ec4       0x2c c:/program files (x86)/cypress/psoc creator/4.4/psoc creator/import/gnu/arm/5.4.1/bin/../lib/gcc/arm-none-eabi/5.4.1/../../../../arm-none-eabi/lib/armv7-m\libg_nano.a(lib_a-init.o)
 .debug_frame   0x00001ef0       0x28 c:/program files (x86)/cypress/psoc creator/4.4/psoc creator/import/gnu/arm/5.4.1/bin/../lib/gcc/arm-none-eabi/5.4.1/../../../../arm-none-eabi/lib/armv7-m\libg_nano.a(lib_a-memcpy-stub.o)
 .debug_frame   0x00001f18       0x20 c:/program files (x86)/cypress/psoc creator/4.4/psoc creator/import/gnu/arm/5.4.1/bin/../lib/gcc/arm-none-eabi/5.4.1/../../../../arm-none-eabi/lib/armv7-m\libg_nano.a(lib_a-memset.o)

.debug_str      0x00000000     0x2b3c
 *(.debug_str)
 .debug_str     0x00000000      0x7e5 .\CortexM3\ARM_GCC_541\Debug\main.o
                                0x85e (size before relaxing)
 .debug_str     0x000007e5      0x1af .\CortexM3\ARM_GCC_541\Debug\cyfitter_cfg.o
                                0x34e (size before relaxing)
 .debug_str     0x00000994       0x75 .\CortexM3\ARM_GCC_541\Debug\cymetadata.o
                                0x1ee (size before relaxing)
 .debug_str     0x00000a09      0x144 .\CortexM3\ARM_GCC_541\Debug\Cm3Start.o
                                0x314 (size before relaxing)
 .debug_str     0x00000b4d      0x2c9 .\CortexM3\ARM_GCC_541\Debug\test.a(UART_1.o)
                                0x4bd (size before relaxing)
 .debug_str     0x00000e16      0x118 .\CortexM3\ARM_GCC_541\Debug\test.a(I2C_1.o)
                                0x303 (size before relaxing)
 .debug_str     0x00000f2e       0x94 .\CortexM3\ARM_GCC_541\Debug\test.a(I2C_1_INT.o)
                                0x27f (size before relaxing)
 .debug_str     0x00000fc2       0x60 .\CortexM3\ARM_GCC_541\Debug\test.a(I2C_1_PM.o)
                                0x299 (size before relaxing)
 .debug_str     0x00001022      0x150 .\CortexM3\ARM_GCC_541\Debug\test.a(I2C_1_MASTER.o)
                                0x3dc (size before relaxing)
 .debug_str     0x00001172      0x1aa .\CortexM3\ARM_GCC_541\Debug\test.a(Encoder_1.o)
                                0x3b9 (size before relaxing)
 .debug_str     0x0000131c      0x174 .\CortexM3\ARM_GCC_541\Debug\test.a(Encoder_2.o)
                                0x3b9 (size before relaxing)
 .debug_str     0x00001490      0x174 .\CortexM3\ARM_GCC_541\Debug\test.a(Encoder_3.o)
                                0x3b9 (size before relaxing)
 .debug_str     0x00001604      0x174 .\CortexM3\ARM_GCC_541\Debug\test.a(Encoder_4.o)
                                0x3b9 (size before relaxing)
 .debug_str     0x00001778      0x174 .\CortexM3\ARM_GCC_541\Debug\test.a(Encoder_5.o)
                                0x3b9 (size before relaxing)
 .debug_str     0x000018ec      0x174 .\CortexM3\ARM_GCC_541\Debug\test.a(Encoder_6.o)
                                0x3b9 (size before relaxing)
 .debug_str     0x00001a60      0x174 .\CortexM3\ARM_GCC_541\Debug\test.a(Encoder_7.o)
                                0x3b9 (size before relaxing)
 .debug_str     0x00001bd4      0x197 .\CortexM3\ARM_GCC_541\Debug\test.a(UART_1_IntClock.o)
                                0x358 (size before relaxing)
 .debug_str     0x00001d6b      0x7dc .\CortexM3\ARM_GCC_541\Debug\test.a(CyLib.o)
                                0xa51 (size before relaxing)
 .debug_str     0x00002547      0x365 .\CortexM3\ARM_GCC_541\Debug\test.a(cyPm.o)
                                0x73d (size before relaxing)
 .debug_str     0x000028ac       0x29 .\CortexM3\ARM_GCC_541\Debug\test.a(cyutils.o)
                                0x1bc (size before relaxing)
 .debug_str     0x000028d5      0x1bb .\CortexM3\ARM_GCC_541\Debug\test.a(CyFlash.o)
                                0x3ca (size before relaxing)
 .debug_str     0x00002a90       0xac .\CortexM3\ARM_GCC_541\Debug\test.a(CySpc.o)
                                0x342 (size before relaxing)

.debug_loc      0x00000000     0x3221
 *(.debug_loc)
 .debug_loc     0x00000000      0x9a0 .\CortexM3\ARM_GCC_541\Debug\main.o
 .debug_loc     0x000009a0      0x259 .\CortexM3\ARM_GCC_541\Debug\cyfitter_cfg.o
 .debug_loc     0x00000bf9      0x144 .\CortexM3\ARM_GCC_541\Debug\Cm3Start.o
 .debug_loc     0x00000d3d      0x258 .\CortexM3\ARM_GCC_541\Debug\test.a(UART_1.o)
 .debug_loc     0x00000f95       0x39 .\CortexM3\ARM_GCC_541\Debug\test.a(I2C_1.o)
 .debug_loc     0x00000fce       0x29 .\CortexM3\ARM_GCC_541\Debug\test.a(I2C_1_INT.o)
 .debug_loc     0x00000ff7       0x13 .\CortexM3\ARM_GCC_541\Debug\test.a(I2C_1_PM.o)
 .debug_loc     0x0000100a      0x52f .\CortexM3\ARM_GCC_541\Debug\test.a(I2C_1_MASTER.o)
 .debug_loc     0x00001539       0xb5 .\CortexM3\ARM_GCC_541\Debug\test.a(Encoder_1.o)
 .debug_loc     0x000015ee       0xb5 .\CortexM3\ARM_GCC_541\Debug\test.a(Encoder_2.o)
 .debug_loc     0x000016a3       0xb5 .\CortexM3\ARM_GCC_541\Debug\test.a(Encoder_3.o)
 .debug_loc     0x00001758       0xb5 .\CortexM3\ARM_GCC_541\Debug\test.a(Encoder_4.o)
 .debug_loc     0x0000180d       0xb5 .\CortexM3\ARM_GCC_541\Debug\test.a(Encoder_5.o)
 .debug_loc     0x000018c2       0xb5 .\CortexM3\ARM_GCC_541\Debug\test.a(Encoder_6.o)
 .debug_loc     0x00001977       0xb5 .\CortexM3\ARM_GCC_541\Debug\test.a(Encoder_7.o)
 .debug_loc     0x00001a2c      0x128 .\CortexM3\ARM_GCC_541\Debug\test.a(UART_1_IntClock.o)
 .debug_loc     0x00001b54      0xa11 .\CortexM3\ARM_GCC_541\Debug\test.a(CyLib.o)
 .debug_loc     0x00002565      0x1e4 .\CortexM3\ARM_GCC_541\Debug\test.a(cyPm.o)
 .debug_loc     0x00002749       0x21 .\CortexM3\ARM_GCC_541\Debug\test.a(cyutils.o)
 .debug_loc     0x0000276a      0x3b2 .\CortexM3\ARM_GCC_541\Debug\test.a(CyFlash.o)
 .debug_loc     0x00002b1c      0x705 .\CortexM3\ARM_GCC_541\Debug\test.a(CySpc.o)

.debug_macinfo
 *(.debug_macinfo)

.debug_ranges   0x00000000      0xab8
 *(.debug_ranges)
 .debug_ranges  0x00000000       0x60 .\CortexM3\ARM_GCC_541\Debug\main.o
 .debug_ranges  0x00000060       0x48 .\CortexM3\ARM_GCC_541\Debug\cyfitter_cfg.o
 .debug_ranges  0x000000a8       0x38 .\CortexM3\ARM_GCC_541\Debug\Cm3Start.o
 .debug_ranges  0x000000e0       0xe0 .\CortexM3\ARM_GCC_541\Debug\test.a(UART_1.o)
 .debug_ranges  0x000001c0       0x28 .\CortexM3\ARM_GCC_541\Debug\test.a(I2C_1.o)
 .debug_ranges  0x000001e8       0x10 .\CortexM3\ARM_GCC_541\Debug\test.a(I2C_1_INT.o)
 .debug_ranges  0x000001f8       0x28 .\CortexM3\ARM_GCC_541\Debug\test.a(I2C_1_PM.o)
 .debug_ranges  0x00000220       0x70 .\CortexM3\ARM_GCC_541\Debug\test.a(I2C_1_MASTER.o)
 .debug_ranges  0x00000290       0x88 .\CortexM3\ARM_GCC_541\Debug\test.a(Encoder_1.o)
 .debug_ranges  0x00000318       0x88 .\CortexM3\ARM_GCC_541\Debug\test.a(Encoder_2.o)
 .debug_ranges  0x000003a0       0x88 .\CortexM3\ARM_GCC_541\Debug\test.a(Encoder_3.o)
 .debug_ranges  0x00000428       0x88 .\CortexM3\ARM_GCC_541\Debug\test.a(Encoder_4.o)
 .debug_ranges  0x000004b0       0x88 .\CortexM3\ARM_GCC_541\Debug\test.a(Encoder_5.o)
 .debug_ranges  0x00000538       0x88 .\CortexM3\ARM_GCC_541\Debug\test.a(Encoder_6.o)
 .debug_ranges  0x000005c0       0x88 .\CortexM3\ARM_GCC_541\Debug\test.a(Encoder_7.o)
 .debug_ranges  0x00000648       0x60 .\CortexM3\ARM_GCC_541\Debug\test.a(UART_1_IntClock.o)
 .debug_ranges  0x000006a8      0x290 .\CortexM3\ARM_GCC_541\Debug\test.a(CyLib.o)
 .debug_ranges  0x00000938       0x88 .\CortexM3\ARM_GCC_541\Debug\test.a(cyPm.o)
 .debug_ranges  0x000009c0       0x10 .\CortexM3\ARM_GCC_541\Debug\test.a(cyutils.o)
 .debug_ranges  0x000009d0       0x78 .\CortexM3\ARM_GCC_541\Debug\test.a(CyFlash.o)
 .debug_ranges  0x00000a48       0x70 .\CortexM3\ARM_GCC_541\Debug\test.a(CySpc.o)

.comment        0x00000000       0x6e
 .comment       0x00000000       0x6e .\CortexM3\ARM_GCC_541\Debug\main.o
                                 0x6f (size before relaxing)
 .comment       0x0000006e       0x6f .\CortexM3\ARM_GCC_541\Debug\cyfitter_cfg.o
 .comment       0x0000006e       0x6f .\CortexM3\ARM_GCC_541\Debug\cymetadata.o
 .comment       0x0000006e       0x6f .\CortexM3\ARM_GCC_541\Debug\Cm3Start.o
 .comment       0x0000006e       0x6f .\CortexM3\ARM_GCC_541\Debug\test.a(UART_1.o)
 .comment       0x0000006e       0x6f .\CortexM3\ARM_GCC_541\Debug\test.a(I2C_1.o)
 .comment       0x0000006e       0x6f .\CortexM3\ARM_GCC_541\Debug\test.a(I2C_1_INT.o)
 .comment       0x0000006e       0x6f .\CortexM3\ARM_GCC_541\Debug\test.a(I2C_1_PM.o)
 .comment       0x0000006e       0x6f .\CortexM3\ARM_GCC_541\Debug\test.a(I2C_1_MASTER.o)
 .comment       0x0000006e       0x6f .\CortexM3\ARM_GCC_541\Debug\test.a(Encoder_1.o)
 .comment       0x0000006e       0x6f .\CortexM3\ARM_GCC_541\Debug\test.a(Encoder_2.o)
 .comment       0x0000006e       0x6f .\CortexM3\ARM_GCC_541\Debug\test.a(Encoder_3.o)
 .comment       0x0000006e       0x6f .\CortexM3\ARM_GCC_541\Debug\test.a(Encoder_4.o)
 .comment       0x0000006e       0x6f .\CortexM3\ARM_GCC_541\Debug\test.a(Encoder_5.o)
 .comment       0x0000006e       0x6f .\CortexM3\ARM_GCC_541\Debug\test.a(Encoder_6.o)
 .comment       0x0000006e       0x6f .\CortexM3\ARM_GCC_541\Debug\test.a(Encoder_7.o)
 .comment       0x0000006e       0x6f .\CortexM3\ARM_GCC_541\Debug\test.a(UART_1_IntClock.o)
 .comment       0x0000006e       0x6f .\CortexM3\ARM_GCC_541\Debug\test.a(CyLib.o)
 .comment       0x0000006e       0x6f .\CortexM3\ARM_GCC_541\Debug\test.a(cyPm.o)
 .comment       0x0000006e       0x6f .\CortexM3\ARM_GCC_541\Debug\test.a(cyutils.o)
 .comment       0x0000006e       0x6f .\CortexM3\ARM_GCC_541\Debug\test.a(CyFlash.o)
 .comment       0x0000006e       0x6f .\CortexM3\ARM_GCC_541\Debug\test.a(CySpc.o)

.debug_weaknames
 *(.debug_weaknames)

.debug_funcnames
 *(.debug_funcnames)

.debug_typenames
 *(.debug_typenames)

.debug_varnames
 *(.debug_varnames)

.note.gnu.arm.ident
 *(.note.gnu.arm.ident)

.ARM.attributes
                0x00000000       0x29
 *(.ARM.attributes)
 .ARM.attributes
                0x00000000       0x1d c:/program files (x86)/cypress/psoc creator/4.4/psoc creator/import/gnu/arm/5.4.1/bin/../lib/gcc/arm-none-eabi/5.4.1/armv7-m/crti.o
 .ARM.attributes
                0x0000001d       0x2d c:/program files (x86)/cypress/psoc creator/4.4/psoc creator/import/gnu/arm/5.4.1/bin/../lib/gcc/arm-none-eabi/5.4.1/armv7-m/crtbegin.o
 .ARM.attributes
                0x0000004a       0x1b c:/program files (x86)/cypress/psoc creator/4.4/psoc creator/import/gnu/arm/5.4.1/bin/../lib/gcc/arm-none-eabi/5.4.1/../../../../arm-none-eabi/lib/armv7-m/crt0.o
 .ARM.attributes
                0x00000065       0x33 .\CortexM3\ARM_GCC_541\Debug\main.o
 .ARM.attributes
                0x00000098       0x33 .\CortexM3\ARM_GCC_541\Debug\cyfitter_cfg.o
 .ARM.attributes
                0x000000cb       0x33 .\CortexM3\ARM_GCC_541\Debug\cymetadata.o
 .ARM.attributes
                0x000000fe       0x33 .\CortexM3\ARM_GCC_541\Debug\Cm3Start.o
 .ARM.attributes
                0x00000131       0x33 .\CortexM3\ARM_GCC_541\Debug\test.a(UART_1.o)
 .ARM.attributes
                0x00000164       0x33 .\CortexM3\ARM_GCC_541\Debug\test.a(I2C_1.o)
 .ARM.attributes
                0x00000197       0x33 .\CortexM3\ARM_GCC_541\Debug\test.a(I2C_1_INT.o)
 .ARM.attributes
                0x000001ca       0x33 .\CortexM3\ARM_GCC_541\Debug\test.a(I2C_1_PM.o)
 .ARM.attributes
                0x000001fd       0x33 .\CortexM3\ARM_GCC_541\Debug\test.a(I2C_1_MASTER.o)
 .ARM.attributes
                0x00000230       0x33 .\CortexM3\ARM_GCC_541\Debug\test.a(Encoder_1.o)
 .ARM.attributes
                0x00000263       0x33 .\CortexM3\ARM_GCC_541\Debug\test.a(Encoder_2.o)
 .ARM.attributes
                0x00000296       0x33 .\CortexM3\ARM_GCC_541\Debug\test.a(Encoder_3.o)
 .ARM.attributes
                0x000002c9       0x33 .\CortexM3\ARM_GCC_541\Debug\test.a(Encoder_4.o)
 .ARM.attributes
                0x000002fc       0x33 .\CortexM3\ARM_GCC_541\Debug\test.a(Encoder_5.o)
 .ARM.attributes
                0x0000032f       0x33 .\CortexM3\ARM_GCC_541\Debug\test.a(Encoder_6.o)
 .ARM.attributes
                0x00000362       0x33 .\CortexM3\ARM_GCC_541\Debug\test.a(Encoder_7.o)
 .ARM.attributes
                0x00000395       0x33 .\CortexM3\ARM_GCC_541\Debug\test.a(UART_1_IntClock.o)
 .ARM.attributes
                0x000003c8       0x33 .\CortexM3\ARM_GCC_541\Debug\test.a(CyLib.o)
 .ARM.attributes
                0x000003fb       0x33 .\CortexM3\ARM_GCC_541\Debug\test.a(cyPm.o)
 .ARM.attributes
                0x0000042e       0x33 .\CortexM3\ARM_GCC_541\Debug\test.a(cyutils.o)
 .ARM.attributes
                0x00000461       0x21 .\CortexM3\ARM_GCC_541\Debug\test.a(CyBootAsmGnu.o)
 .ARM.attributes
                0x00000482       0x33 .\CortexM3\ARM_GCC_541\Debug\test.a(CyFlash.o)
 .ARM.attributes
                0x000004b5       0x33 .\CortexM3\ARM_GCC_541\Debug\test.a(CySpc.o)
 .ARM.attributes
                0x000004e8       0x1d c:/program files (x86)/cypress/psoc creator/4.4/psoc creator/import/gnu/arm/5.4.1/bin/../lib/gcc/arm-none-eabi/5.4.1/armv7-m\libgcc.a(_arm_addsubsf3.o)
 .ARM.attributes
                0x00000505       0x1d c:/program files (x86)/cypress/psoc creator/4.4/psoc creator/import/gnu/arm/5.4.1/bin/../lib/gcc/arm-none-eabi/5.4.1/armv7-m\libgcc.a(_arm_muldivsf3.o)
 .ARM.attributes
                0x00000522       0x1d c:/program files (x86)/cypress/psoc creator/4.4/psoc creator/import/gnu/arm/5.4.1/bin/../lib/gcc/arm-none-eabi/5.4.1/armv7-m\libgcc.a(_arm_cmpsf2.o)
 .ARM.attributes
                0x0000053f       0x1d c:/program files (x86)/cypress/psoc creator/4.4/psoc creator/import/gnu/arm/5.4.1/bin/../lib/gcc/arm-none-eabi/5.4.1/armv7-m\libgcc.a(_arm_fixunssfsi.o)
 .ARM.attributes
                0x0000055c       0x2d c:/program files (x86)/cypress/psoc creator/4.4/psoc creator/import/gnu/arm/5.4.1/bin/../lib/gcc/arm-none-eabi/5.4.1/../../../../arm-none-eabi/lib/armv7-m\libg_nano.a(lib_a-errno.o)
 .ARM.attributes
                0x00000589       0x2d c:/program files (x86)/cypress/psoc creator/4.4/psoc creator/import/gnu/arm/5.4.1/bin/../lib/gcc/arm-none-eabi/5.4.1/../../../../arm-none-eabi/lib/armv7-m\libg_nano.a(lib_a-exit.o)
 .ARM.attributes
                0x000005b6       0x2d c:/program files (x86)/cypress/psoc creator/4.4/psoc creator/import/gnu/arm/5.4.1/bin/../lib/gcc/arm-none-eabi/5.4.1/../../../../arm-none-eabi/lib/armv7-m\libg_nano.a(lib_a-impure.o)
 .ARM.attributes
                0x000005e3       0x2d c:/program files (x86)/cypress/psoc creator/4.4/psoc creator/import/gnu/arm/5.4.1/bin/../lib/gcc/arm-none-eabi/5.4.1/../../../../arm-none-eabi/lib/armv7-m\libg_nano.a(lib_a-init.o)
 .ARM.attributes
                0x00000610       0x2d c:/program files (x86)/cypress/psoc creator/4.4/psoc creator/import/gnu/arm/5.4.1/bin/../lib/gcc/arm-none-eabi/5.4.1/../../../../arm-none-eabi/lib/armv7-m\libg_nano.a(lib_a-memcpy-stub.o)
 .ARM.attributes
                0x0000063d       0x2d c:/program files (x86)/cypress/psoc creator/4.4/psoc creator/import/gnu/arm/5.4.1/bin/../lib/gcc/arm-none-eabi/5.4.1/../../../../arm-none-eabi/lib/armv7-m\libg_nano.a(lib_a-memset.o)
 .ARM.attributes
                0x0000066a       0x2d c:/program files (x86)/cypress/psoc creator/4.4/psoc creator/import/gnu/arm/5.4.1/bin/../lib/gcc/arm-none-eabi/5.4.1/armv7-m/crtend.o
 .ARM.attributes
                0x00000697       0x1d c:/program files (x86)/cypress/psoc creator/4.4/psoc creator/import/gnu/arm/5.4.1/bin/../lib/gcc/arm-none-eabi/5.4.1/armv7-m/crtn.o

/DISCARD/
 *(.note.GNU-stack)
OUTPUT(C:\Users\jannett.wehle_drones\Documents\PSoC Creator\Workspace01\test.cydsn\CortexM3\ARM_GCC_541\Debug\test.elf elf32-littlearm)
